# eucalypt diagnostic snapshot v1
fixture: errors/009_panic
argv: run -L tests/harness/errors --heap-limit-mib 2048 tests/harness/errors/009_panic.eu
prelude-modes: identical

=== both prelude modes ===
exit: 1
errors: 1
warnings: 0
code: -
primary: user tests/harness/errors/009_panic.eu:1:14
help-lines: 0
note-lines: 0
secondary-labels: 0
trace-frames: 1
trace-user-frames: 1
trace-prelude-frames: 0
prelude-excerpt-lines: 0
rust-panic: no
--- stderr ---
error: panic: This exits immediately with message and non-zero exit code
  ┌─ tests/harness/errors/009_panic.eu:1:14
  │
1 │ x: { y: { z: panic("This exits immediately with message and non-zero exit code") } }
  │              ^^^^^
  │
  = stack trace:
    - z at 009_panic.eu:1:14
