# eucalypt diagnostic snapshot v1
fixture: errors/021_bad_num_parse
argv: run -L tests/harness/errors --heap-limit-mib 2048 tests/harness/errors/021_bad_num_parse.eu
prelude-modes: identical

=== both prelude modes ===
exit: 1
errors: 1
warnings: 0
code: -
primary: user tests/harness/errors/021_bad_num_parse.eu:1:6
help-lines: 0
note-lines: 2
secondary-labels: 0
trace-frames: 0
trace-user-frames: 0
trace-prelude-frames: 0
prelude-excerpt-lines: 0
rust-panic: no
--- stderr ---
error: bad number format: blah
  ┌─ tests/harness/errors/021_bad_num_parse.eu:1:6
  │
1 │ bad: __NUMPARSE("blah")
  │      ^^^^^^^^^^^^^^^^^^
  │
  = valid number formats are: integers (e.g. 42), decimals (e.g. 3.14), and scientific notation (e.g. 1.5e10)
  = use 'str' to convert numbers to strings; to convert strings to numbers use 'num'
