# eucalypt diagnostic snapshot v1
fixture: errors/034_did_you_mean
argv: run -L tests/harness/errors --heap-limit-mib 2048 tests/harness/errors/034_did_you_mean.eu
prelude-modes: identical

=== both prelude modes ===
exit: 1
errors: 1
warnings: 0
code: -
primary: user tests/harness/errors/034_did_you_mean.eu:2:4
help-lines: 1
note-lines: 0
secondary-labels: 0
trace-frames: 1
trace-user-frames: 1
trace-prelude-frames: 0
prelude-excerpt-lines: 0
rust-panic: no
--- stderr ---
error: key 'bax' not found in block
  help: similar keys: 'bar', 'baz'
  ┌─ tests/harness/errors/034_did_you_mean.eu:2:4
  │
2 │ x: ns.bax
  │    ^^
  │
  = stack trace:
    - x at 034_did_you_mean.eu:2:4
