# eucalypt diagnostic snapshot v1
fixture: errors/045_list_plus_concat
argv: run -L tests/harness/errors --heap-limit-mib 2048 tests/harness/errors/045_list_plus_concat.eu
prelude-modes: identical

=== both prelude modes ===
exit: 1
errors: 1
warnings: 0
code: EU-EVAL-TYPE
primary: user tests/harness/errors/045_list_plus_concat.eu:4:11
help-lines: 0
note-lines: 2
secondary-labels: 0
trace-frames: 1
trace-user-frames: 1
trace-prelude-frames: 0
prelude-excerpt-lines: 0
rust-panic: no
--- stderr ---
error[EU-EVAL-TYPE]: type mismatch: expected number, found list
  ┌─ tests/harness/errors/045_list_plus_concat.eu:4:11
  │
4 │ result: a + b
  │           ^
  │
  = arithmetic operators like '+' work on numbers, not lists
  = to concatenate two lists, use 'append(xs, ys)' or the '++' operator
  = while evaluating (outermost first):
    - result at 045_list_plus_concat.eu:4:11
