# eucalypt diagnostic snapshot v1
fixture: errors/051_missing_flatten
argv: run -L tests/harness/errors --heap-limit-mib 2048 tests/harness/errors/051_missing_flatten.eu
prelude-modes: identical

=== both prelude modes ===
exit: 1
errors: 1
warnings: 0
code: -
primary: user tests/harness/errors/051_missing_flatten.eu:3:14
help-lines: 0
note-lines: 2
secondary-labels: 0
trace-frames: 0
trace-user-frames: 0
trace-prelude-frames: 0
prelude-excerpt-lines: 0
rust-panic: no
--- stderr ---
error: unresolved variable 'flatten'
  ┌─ tests/harness/errors/051_missing_flatten.eu:3:14
  │
3 │ flat: nested flatten
  │              ^^^^^^^
  │
  = check that the variable is defined and in scope
  = to flatten a list of lists, use 'concat', e.g. 'xs concat'
