# eucalypt diagnostic snapshot v1
fixture: errors/053_block_in_arithmetic
argv: run -L tests/harness/errors --heap-limit-mib 2048 tests/harness/errors/053_block_in_arithmetic.eu
prelude-modes: identical

=== both prelude modes ===
exit: 1
errors: 1
warnings: 0
code: EU-EVAL-TYPE
primary: user tests/harness/errors/053_block_in_arithmetic.eu:3:16
help-lines: 0
note-lines: 2
secondary-labels: 0
trace-frames: 1
trace-user-frames: 1
trace-prelude-frames: 0
prelude-excerpt-lines: 0
rust-panic: no
--- stderr ---
error[EU-EVAL-TYPE]: type mismatch: expected number, found block
  ┌─ tests/harness/errors/053_block_in_arithmetic.eu:3:16
  │
3 │ result: config + 5
  │                ^
  │
  = blocks (structured values) cannot be used in arithmetic
  = did you mean to access a specific field? use 'block.field' to extract a value before applying arithmetic
  = while evaluating (outermost first):
    - result at 053_block_in_arithmetic.eu:3:16
