# eucalypt diagnostic snapshot v1
fixture: errors/054_num_merge_hint
argv: run -L tests/harness/errors --heap-limit-mib 2048 tests/harness/errors/054_num_merge_hint.eu
prelude-modes: identical

=== both prelude modes ===
exit: 1
errors: 1
warnings: 0
code: -
primary: user tests/harness/errors/054_num_merge_hint.eu:5:11
help-lines: 0
note-lines: 3
secondary-labels: 0
trace-frames: 1
trace-user-frames: 1
trace-prelude-frames: 0
prelude-excerpt-lines: 0
rust-panic: no
--- stderr ---
error: type mismatch: expected block, found number
  ┌─ tests/harness/errors/054_num_merge_hint.eu:5:11
  │
5 │ result: x str
  │           ^^^
  │
  = the '.' operator performs key lookup on blocks; numbers do not have fields
  = to apply a function to a number, use pipeline catenation, e.g. 'x abs' or 'x negate' instead of 'x.abs'
  = note: 'str' is a namespace of string functions, not a type conversion function; to convert a number to a string use 'str.of(x)' or string interpolation
  = stack trace:
    - result at 054_num_merge_hint.eu:5:11
