# eucalypt diagnostic snapshot v1
fixture: errors/056_fold_hint
argv: run -L tests/harness/errors --heap-limit-mib 2048 tests/harness/errors/056_fold_hint.eu
prelude-modes: identical

=== both prelude modes ===
exit: 1
errors: 1
warnings: 0
code: -
primary: user tests/harness/errors/056_fold_hint.eu:4:14
help-lines: 0
note-lines: 2
secondary-labels: 0
trace-frames: 0
trace-user-frames: 0
trace-prelude-frames: 0
prelude-excerpt-lines: 0
rust-panic: no
--- stderr ---
error: unresolved variable 'fold'
  ┌─ tests/harness/errors/056_fold_hint.eu:4:14
  │
4 │ result: nums fold((+), 0)
  │              ^^^^
  │
  = check that the variable is defined and in scope
  = to fold a list, use 'foldl' (left fold) or 'foldr' (right fold), e.g. 'foldl(+, 0, xs)' to sum a list
