# eucalypt diagnostic snapshot v1
fixture: errors/058_python_true
argv: run -L tests/harness/errors --heap-limit-mib 2048 tests/harness/errors/058_python_true.eu
prelude-modes: identical

=== both prelude modes ===
exit: 1
errors: 1
warnings: 0
code: -
primary: user tests/harness/errors/058_python_true.eu:2:4
help-lines: 0
note-lines: 2
secondary-labels: 0
trace-frames: 0
trace-user-frames: 0
trace-prelude-frames: 0
prelude-excerpt-lines: 0
rust-panic: no
--- stderr ---
error: unresolved variable 'True'
  ┌─ tests/harness/errors/058_python_true.eu:2:4
  │
2 │ x: True
  │    ^^^^
  │
  = check that the variable is defined and in scope
  = note: eucalypt uses lowercase 'true', not 'True'
