# eucalypt diagnostic snapshot v1
fixture: errors/060_return_keyword
argv: run -L tests/harness/errors --heap-limit-mib 2048 tests/harness/errors/060_return_keyword.eu
prelude-modes: identical

=== both prelude modes ===
exit: 1
errors: 1
warnings: 0
code: -
primary: user tests/harness/errors/060_return_keyword.eu:2:7
help-lines: 0
note-lines: 2
secondary-labels: 0
trace-frames: 0
trace-user-frames: 0
trace-prelude-frames: 0
prelude-excerpt-lines: 0
rust-panic: no
--- stderr ---
error: unresolved variable 'return'
  ┌─ tests/harness/errors/060_return_keyword.eu:2:7
  │
2 │ f(x): return x * 2
  │       ^^^^^^
  │
  = check that the variable is defined and in scope
  = note: eucalypt has no 'return' statement; functions evaluate to their body expression — the last binding value is the function result
