# eucalypt diagnostic snapshot v1
fixture: errors/064_has_string_not_sym
argv: run -L tests/harness/errors --heap-limit-mib 2048 tests/harness/errors/064_has_string_not_sym.eu
prelude-modes: identical

=== both prelude modes ===
exit: 1
errors: 1
warnings: 1
code: -
primary: user tests/harness/errors/064_has_string_not_sym.eu:3:13
help-lines: 0
note-lines: 2
secondary-labels: 0
trace-frames: 1
trace-user-frames: 1
trace-prelude-frames: 0
prelude-excerpt-lines: 0
rust-panic: no
--- stderr ---
warning: type mismatch calling 'has'
  ┌─ tests/harness/errors/064_has_string_not_sym.eu:3:17
  │
3 │ check: data has("x")
  │                 ^^^ expected symbol, found "x"

error: type mismatch: expected symbol, found string
  ┌─ tests/harness/errors/064_has_string_not_sym.eu:3:13
  │
3 │ check: data has("x")
  │             ^^^ --- expected symbol, found "x"
  │
  = a symbol was expected but a string was passed; add a colon prefix: ':yaml' not "yaml", ':key' not "key"
  = symbols (`:name`) and strings (`"name"`) are distinct in eucalypt; functions like 'render-as', 'has', 'lookup-or' take symbol arguments
  = stack trace:
    - check at 064_has_string_not_sym.eu:3:13
