# eucalypt diagnostic snapshot v1
fixture: errors/070_str_upper_method
argv: run -L tests/harness/errors --heap-limit-mib 2048 tests/harness/errors/070_str_upper_method.eu
prelude-modes: identical

=== both prelude modes ===
exit: 1
errors: 1
warnings: 0
code: -
primary: user tests/harness/errors/070_str_upper_method.eu:2:12
help-lines: 1
note-lines: 1
secondary-labels: 0
trace-frames: 1
trace-user-frames: 1
trace-prelude-frames: 0
prelude-excerpt-lines: 0
rust-panic: no
--- stderr ---
error: key 'upper' not found in block
  help: available keys: 'of', 'split', 'split-on', 'join', 'join-on', 'match', 'match-with', 'extract' (and 25 more)
  ┌─ tests/harness/errors/070_str_upper_method.eu:2:12
  │
2 │ x: "hello" str.upper
  │            ^^^
  │
  = to convert a string to upper case, use 'str.to-upper', e.g. 'text str.to-upper'
  = stack trace:
    - x at 070_str_upper_method.eu:2:12
