# eucalypt diagnostic snapshot v1
fixture: errors/081_array_shape_mismatch
argv: run -L tests/harness/errors --heap-limit-mib 2048 tests/harness/errors/081_array_shape_mismatch.eu
prelude-modes: divergent

=== blob prelude ===
exit: 1
errors: 1
warnings: 0
code: -
primary: user tests/harness/errors/081_array_shape_mismatch.eu:2:4
help-lines: 0
note-lines: 0
secondary-labels: 0
trace-frames: 1
trace-user-frames: 1
trace-prelude-frames: 0
prelude-excerpt-lines: 0
rust-panic: no
--- stderr ---
error: array shape mismatch: shape [2, 2] requires 4 elements but 3 were provided
  ┌─ tests/harness/errors/081_array_shape_mismatch.eu:2:4
  │
2 │ a: arr.from-flat([2, 2], [1, 2, 3])
  │    ^^^^^^^^^^^^^^^^^^^^^^^^^^^^^^^^
  │
  = stack trace:
    - a at 081_array_shape_mismatch.eu:2:4

=== --source-prelude ===
exit: 1
errors: 1
warnings: 0
code: -
primary: user tests/harness/errors/081_array_shape_mismatch.eu:2:4
help-lines: 0
note-lines: 0
secondary-labels: 0
trace-frames: 1
trace-user-frames: 1
trace-prelude-frames: 0
prelude-excerpt-lines: 0
rust-panic: no
--- stderr ---
error: array shape mismatch: shape [2, 2] requires 4 elements but 3 were provided
  ┌─ tests/harness/errors/081_array_shape_mismatch.eu:2:4
  │
2 │ a: arr.from-flat([2, 2], [1, 2, 3])
  │    ^^^
  │
  = stack trace:
    - a at 081_array_shape_mismatch.eu:2:4
