# eucalypt diagnostic snapshot v1
fixture: errors/084_destructure_missing_field
argv: run -L tests/harness/errors --heap-limit-mib 2048 tests/harness/errors/084_destructure_missing_field.eu
prelude-modes: identical

=== both prelude modes ===
exit: 1
errors: 1
warnings: 0
code: -
primary: user tests/harness/errors/084_destructure_missing_field.eu:2:1
help-lines: 1
note-lines: 0
secondary-labels: 0
trace-frames: 1
trace-user-frames: 1
trace-prelude-frames: 0
prelude-excerpt-lines: 0
rust-panic: no
--- stderr ---
error: key 'y' not found in block
  help: similar keys: 'x'
  ┌─ tests/harness/errors/084_destructure_missing_field.eu:2:1
  │
2 │ f({x y}): x + y
  │ ^^^^^^^^^^^^^^^
  │
  = while evaluating (outermost first):
    - f at 084_destructure_missing_field.eu:2:1
