# eucalypt diagnostic snapshot v1
fixture: errors/086_destructure_empty_cons
argv: run -L tests/harness/errors --heap-limit-mib 2048 tests/harness/errors/086_destructure_empty_cons.eu
prelude-modes: identical

=== both prelude modes ===
exit: 1
errors: 1
warnings: 0
code: -
primary: user tests/harness/errors/086_destructure_empty_cons.eu:2:1
help-lines: 0
note-lines: 2
secondary-labels: 0
trace-frames: 1
trace-user-frames: 1
trace-prelude-frames: 0
prelude-excerpt-lines: 0
rust-panic: no
--- stderr ---
error: head of empty list
  ┌─ tests/harness/errors/086_destructure_empty_cons.eu:2:1
  │
2 │ f([x : xs]): x
  │ ^^^^^^^^^^^^^^
  │
  = guard against empty lists with 'nil?', e.g. 'if(xs nil?, default, xs head)'
  = 'head' and 'tail' are only defined on non-empty lists; use 'nth(0, xs)' or pattern matching if the list may be empty
  = stack trace:
    - f at 086_destructure_empty_cons.eu:2:1
