# eucalypt diagnostic snapshot v1
fixture: errors/089_numeric_domain
argv: run -L tests/harness/errors --heap-limit-mib 2048 tests/harness/errors/089_numeric_domain.eu
prelude-modes: identical

=== both prelude modes ===
exit: 1
errors: 1
warnings: 0
code: -
primary: user tests/harness/errors/089_numeric_domain.eu:2:11
help-lines: 1
note-lines: 0
secondary-labels: 0
trace-frames: 1
trace-user-frames: 1
trace-prelude-frames: 0
prelude-excerpt-lines: 0
rust-panic: no
--- stderr ---
error: result of (-1.0)^(0.5) is not a real number
  help: raising a negative base to a fractional exponent yields a complex result; use a non-negative base or an integer exponent
  ┌─ tests/harness/errors/089_numeric_domain.eu:2:11
  │
2 │ x: (-1.0) ^ 0.5
  │           ^
  │
  = stack trace:
    - x at 089_numeric_domain.eu:2:11
