# eucalypt diagnostic snapshot v1
fixture: errors/094_io_no_flag
argv: run -L tests/harness/errors --heap-limit-mib 2048 tests/harness/errors/094_io_no_flag.eu -t result -L tests/harness
prelude-modes: identical

=== both prelude modes ===
exit: 1
errors: 1
warnings: 0
code: -
primary: none
help-lines: 0
note-lines: 0
secondary-labels: 0
trace-frames: 0
trace-user-frames: 0
trace-prelude-frames: 0
prelude-excerpt-lines: 0
rust-panic: no
--- stderr ---
error: IO operations are not permitted; use the --allow-io (-I) flag to enable
