# eucalypt diagnostic snapshot v1
fixture: errors/096_parse_as_bad_input
argv: run -L tests/harness/errors --heap-limit-mib 2048 tests/harness/errors/096_parse_as_bad_input.eu
prelude-modes: identical

=== both prelude modes ===
exit: 1
errors: 1
warnings: 0
code: -
primary: user tests/harness/errors/096_parse_as_bad_input.eu:3:35
help-lines: 0
note-lines: 0
secondary-labels: 0
trace-frames: 1
trace-user-frames: 1
trace-prelude-frames: 0
prelude-excerpt-lines: 0
rust-panic: no
--- stderr ---
error: parse-as(toml): invalid toml syntax expected an equals, found an identifier at line 1 column 6
  ┌─ tests/harness/errors/096_parse_as_bad_input.eu:3:35
  │
3 │ x: "this is not valid toml = = =" parse-as(:toml)
  │                                   ^^^^^^^^^^^^^^^
  │
  = stack trace:
    - x at 096_parse_as_bad_input.eu:3:35
