# eucalypt diagnostic snapshot v1
fixture: errors/097_div_by_zero_source_loc
argv: run -L tests/harness/errors --heap-limit-mib 2048 tests/harness/errors/097_div_by_zero_source_loc.eu
prelude-modes: identical

=== both prelude modes ===
exit: 1
errors: 1
warnings: 0
code: -
primary: user tests/harness/errors/097_div_by_zero_source_loc.eu:2:11
help-lines: 1
note-lines: 0
secondary-labels: 0
trace-frames: 1
trace-user-frames: 1
trace-prelude-frames: 0
prelude-excerpt-lines: 0
rust-panic: no
--- stderr ---
error: division by zero in floor division (/)
  help: the divisor evaluated to zero
  ┌─ tests/harness/errors/097_div_by_zero_source_loc.eu:2:11
  │
2 │ result: 1 / 0
  │           ^
  │
  = stack trace:
    - result at 097_div_by_zero_source_loc.eu:2:11
