# eucalypt diagnostic snapshot v1
fixture: errors/098_type_mismatch_operator_loc
argv: run -L tests/harness/errors --heap-limit-mib 2048 tests/harness/errors/098_type_mismatch_operator_loc.eu
prelude-modes: identical

=== both prelude modes ===
exit: 1
errors: 1
warnings: 0
code: EU-EVAL-TYPE
primary: user tests/harness/errors/098_type_mismatch_operator_loc.eu:2:11
help-lines: 0
note-lines: 2
secondary-labels: 0
trace-frames: 1
trace-user-frames: 1
trace-prelude-frames: 0
prelude-excerpt-lines: 0
rust-panic: no
--- stderr ---
error[EU-EVAL-TYPE]: type mismatch: expected number, found string "hello"
  ┌─ tests/harness/errors/098_type_mismatch_operator_loc.eu:2:11
  │
2 │ result: 5 + "hello"
  │           ^
  │
  = to convert a string to a number, use 'num', e.g. 's num'
  = to concatenate strings, use string interpolation or 'str.join-on' instead of '+'
  = while evaluating (outermost first):
    - result at 098_type_mismatch_operator_loc.eu:2:11
