# eucalypt diagnostic snapshot v1
fixture: errors/104_comparison_type_mismatch_lte
argv: run -L tests/harness/errors --heap-limit-mib 2048 tests/harness/errors/104_comparison_type_mismatch_lte.eu
prelude-modes: identical

=== both prelude modes ===
exit: 1
errors: 1
warnings: 0
code: -
primary: user tests/harness/errors/104_comparison_type_mismatch_lte.eu:2:14
help-lines: 0
note-lines: 0
secondary-labels: 0
trace-frames: 1
trace-user-frames: 1
trace-prelude-frames: 0
prelude-excerpt-lines: 0
rust-panic: no
--- stderr ---
error: cannot compare incompatible types with '<=': operands must both be numbers, strings, symbols, or datetimes
  ┌─ tests/harness/errors/104_comparison_type_mismatch_lte.eu:2:14
  │
2 │ result: :foo <= 42
  │              ^^
  │
  = stack trace:
    - result at 104_comparison_type_mismatch_lte.eu:2:14
