# eucalypt diagnostic snapshot v1
fixture: errors/125_dbg_io_function_wrap
argv: run -L tests/harness/errors --heap-limit-mib 2048 tests/harness/errors/125_dbg_io_function_wrap.eu -t result
prelude-modes: divergent

=== blob prelude ===
exit: 1
errors: 1
warnings: 0
code: -
primary: user tests/harness/errors/125_dbg_io_function_wrap.eu:2:28
help-lines: 0
note-lines: 0
secondary-labels: 0
trace-frames: 0
trace-user-frames: 0
trace-prelude-frames: 0
prelude-excerpt-lines: 0
rust-panic: no
--- stderr ---
error: IO operations are not permitted; use the --allow-io (-I) flag to enable
  ┌─ tests/harness/errors/125_dbg_io_function_wrap.eu:2:28
  │
2 │ result: "echo hello world" io.shell io.checked io.map(▶(.stdout))
  │                            ^^

=== --source-prelude ===
exit: 1
errors: 1
warnings: 0
code: -
primary: none
help-lines: 0
note-lines: 0
secondary-labels: 0
trace-frames: 0
trace-user-frames: 0
trace-prelude-frames: 0
prelude-excerpt-lines: 0
rust-panic: no
--- stderr ---
error: IO operations are not permitted; use the --allow-io (-I) flag to enable
