# eucalypt diagnostic snapshot v1
fixture: errors/133_stack_trace_cycle_dedup
argv: run -L tests/harness/errors --heap-limit-mib 2048 tests/harness/errors/133_stack_trace_cycle_dedup.eu
prelude-modes: identical

=== both prelude modes ===
exit: 1
errors: 1
warnings: 0
code: EU-EVAL-TYPE
primary: user tests/harness/errors/133_stack_trace_cycle_dedup.eu:3:19
help-lines: 0
note-lines: 2
secondary-labels: 1
trace-frames: 1
trace-user-frames: 1
trace-prelude-frames: 0
prelude-excerpt-lines: 0
rust-panic: no
--- stderr ---
error[EU-EVAL-TYPE]: type mismatch: expected number, found string "zero"
  ┌─ tests/harness/errors/133_stack_trace_cycle_dedup.eu:3:19
  │
3 │ result: [1, 2, 3] foldl(+, "zero")
  │                   ^^^^^ - called from here
  │
  = to convert a string to a number, use 'num', e.g. 's num'
  = to concatenate strings, use string interpolation or 'str.join-on' instead of '+'
  = stack trace:
    - result at 133_stack_trace_cycle_dedup.eu:3:19
