# eucalypt diagnostic snapshot v1
fixture: errors/138_internal_no_panic_prefix
argv: run -L tests/harness/errors --heap-limit-mib 2048 tests/harness/errors/138_internal_no_panic_prefix.eu
prelude-modes: identical

=== both prelude modes ===
exit: 1
errors: 1
warnings: 1
code: -
primary: user tests/harness/errors/138_internal_no_panic_prefix.eu:1:17
help-lines: 0
note-lines: 2
secondary-labels: 0
trace-frames: 1
trace-user-frames: 1
trace-prelude-frames: 0
prelude-excerpt-lines: 0
rust-panic: no
--- stderr ---
warning: type mismatch calling 'head'
  ┌─ tests/harness/errors/138_internal_no_panic_prefix.eu:1:9
  │
1 │ result: "hello" head
  │         ^^^^^^^ expected [a], found "hello"

error: head requires a list, found "hello"
  ┌─ tests/harness/errors/138_internal_no_panic_prefix.eu:1:17
  │
1 │ result: "hello" head
  │         ------- ^^^^
  │         │
  │         expected [a], found "hello"
  │
  = to concatenate strings, use string interpolation (e.g. "{a}{b}") or 'str.join-on', not '++' (which is for list append)
  = to get individual characters of a string, use 'str.letters'
  = while evaluating (outermost first):
    - result at 138_internal_no_panic_prefix.eu:1:17
