# eucalypt diagnostic snapshot v1
fixture: errors/142_render_unknown_format
argv: run -L tests/harness/errors --heap-limit-mib 2048 tests/harness/errors/142_render_unknown_format.eu
prelude-modes: identical

=== both prelude modes ===
exit: 1
errors: 1
warnings: 0
code: -
primary: none
help-lines: 1
note-lines: 0
secondary-labels: 0
trace-frames: 0
trace-user-frames: 0
trace-prelude-frames: 0
prelude-excerpt-lines: 0
rust-panic: no
--- stderr ---
error: unknown render format 'badformat'
  help: supported formats for render-as are: :yaml, :json, :toml, :text, :edn, :html
