# eucalypt diagnostic snapshot v1
fixture: errors/144_str_replace_hint
argv: run -L tests/harness/errors --heap-limit-mib 2048 tests/harness/errors/144_str_replace_hint.eu
prelude-modes: identical

=== both prelude modes ===
exit: 1
errors: 1
warnings: 0
code: -
primary: user tests/harness/errors/144_str_replace_hint.eu:3:14
help-lines: 1
note-lines: 1
secondary-labels: 0
trace-frames: 1
trace-user-frames: 1
trace-prelude-frames: 0
prelude-excerpt-lines: 0
rust-panic: no
--- stderr ---
error: key 'gsub' not found in block
  help: available keys: 'of', 'split', 'split-on', 'join', 'join-on', 'match', 'match-with', 'extract' (and 25 more)
  ┌─ tests/harness/errors/144_str_replace_hint.eu:3:14
  │
3 │ result: text str.gsub("o", "0")
  │              ^^^
  │
  = use 'str.replace(pattern, replacement, s)' to replace all regex matches, e.g. 'text str.replace("foo", "bar")'
  = while evaluating (outermost first):
    - result at 144_str_replace_hint.eu:3:14
