# eucalypt diagnostic snapshot v1
fixture: errors/153_unexpected_expr_stg_compiler
argv: run -L tests/harness/errors --heap-limit-mib 2048 tests/harness/errors/153_unexpected_expr_stg_compiler.eu
prelude-modes: identical

=== both prelude modes ===
exit: 1
errors: 1
warnings: 0
code: -
primary: none
help-lines: 0
note-lines: 0
secondary-labels: 0
trace-frames: 0
trace-user-frames: 0
trace-prelude-frames: 0
prelude-excerpt-lines: 0
rust-panic: no
--- stderr ---
error: found temporary pseudo-operators remaining in evaluand
