# eucalypt diagnostic snapshot v1
fixture: errors/160_unclosed_block
argv: run -L tests/harness/errors --heap-limit-mib 2048 tests/harness/errors/160_unclosed_block.eu
prelude-modes: identical

=== both prelude modes ===
exit: 1
errors: 1
warnings: 0
code: -
primary: user tests/harness/errors/160_unclosed_block.eu:3:4
help-lines: 0
note-lines: 0
secondary-labels: 0
trace-frames: 0
trace-user-frames: 0
trace-prelude-frames: 0
prelude-excerpt-lines: 0
rust-panic: no
--- stderr ---
error: unterminated block (missing '}')
  ┌─ tests/harness/errors/160_unclosed_block.eu:3:4
  │
3 │   x: { y: 1
  │ ╭────^
4 │ │ RESULT: x
5 │ │
  │ ╰^
