# eucalypt diagnostic snapshot v1
fixture: errors/161_unclosed_list
argv: run -L tests/harness/errors --heap-limit-mib 2048 tests/harness/errors/161_unclosed_list.eu
prelude-modes: identical

=== both prelude modes ===
exit: 1
errors: 1
warnings: 0
code: -
primary: user tests/harness/errors/161_unclosed_list.eu:3:24
help-lines: 0
note-lines: 0
secondary-labels: 0
trace-frames: 0
trace-user-frames: 0
trace-prelude-frames: 0
prelude-excerpt-lines: 0
rust-panic: no
--- stderr ---
error: expected CLOSE_SQUARE, found CLOSE_BRACE
  ┌─ tests/harness/errors/161_unclosed_list.eu:3:24
  │
3 │ x: { y: [1, 2, 3  z: 4 }
  │                        ^
