# eucalypt diagnostic snapshot v1
fixture: errors/168_io_shell_missing_cmd
argv: run -L tests/harness/errors --heap-limit-mib 2048 tests/harness/errors/168_io_shell_missing_cmd.eu
prelude-modes: divergent

=== blob prelude ===
exit: 1
errors: 1
warnings: 1
code: -
primary: user tests/harness/errors/168_io_shell_missing_cmd.eu:3:7
help-lines: 0
note-lines: 0
secondary-labels: 0
trace-frames: 0
trace-user-frames: 0
trace-prelude-frames: 0
prelude-excerpt-lines: 0
rust-panic: no
--- stderr ---
warning: argument type does not match function parameter
  ┌─ tests/harness/errors/168_io_shell_missing_cmd.eu:3:16
  │
3 │ main: io.shell({ stdin: "ignored" })
  │                ^^^^^^^^^^^^^^^^^^^^ expected string, found {stdin: "ignored", ..}

error: IO operations are not permitted; use the --allow-io (-I) flag to enable
  ┌─ tests/harness/errors/168_io_shell_missing_cmd.eu:3:7
  │
3 │ main: io.shell({ stdin: "ignored" })
  │       ^^       -------------------- expected string, found {stdin: "ignored", ..}

=== --source-prelude ===
exit: 1
errors: 1
warnings: 1
code: -
primary: none
help-lines: 0
note-lines: 0
secondary-labels: 0
trace-frames: 0
trace-user-frames: 0
trace-prelude-frames: 0
prelude-excerpt-lines: 0
rust-panic: no
--- stderr ---
warning: argument type does not match function parameter
  ┌─ tests/harness/errors/168_io_shell_missing_cmd.eu:3:16
  │
3 │ main: io.shell({ stdin: "ignored" })
  │                ^^^^^^^^^^^^^^^^^^^^ expected string, found {stdin: "ignored", ..}

error: IO operations are not permitted; use the --allow-io (-I) flag to enable
