# eucalypt diagnostic snapshot v1
fixture: errors/202_sv3_contract_bad_spec
argv: run -L tests/harness/errors --heap-limit-mib 2048 tests/harness/errors/202_sv3_contract_bad_spec.eu
prelude-modes: identical

=== both prelude modes ===
exit: 1
errors: 1
warnings: 0
code: -
primary: user tests/harness/errors/202_sv3_contract_bad_spec.eu:7:18
help-lines: 0
note-lines: 0
secondary-labels: 0
trace-frames: 1
trace-user-frames: 1
trace-prelude-frames: 0
prelude-excerpt-lines: 0
rust-panic: no
--- stderr ---
error: validate: not a type spec
  ┌─ tests/harness/errors/202_sv3_contract_bad_spec.eu:7:18
  │
7 │ result: { a: 1 } validate({ not: "a spec" })
  │                  ^^^^^^^^
  │
  = while evaluating (outermost first):
    - result at 202_sv3_contract_bad_spec.eu:7:18
