# eucalypt diagnostic snapshot v1
fixture: errors/216_toml_null
argv: run -L tests/harness/errors --heap-limit-mib 2048 tests/harness/errors/216_toml_null.eu
prelude-modes: identical

=== both prelude modes ===
exit: 1
errors: 1
warnings: 0
code: EU-RENDER-UNREPRESENTABLE
primary: user tests/harness/errors/216_toml_null.eu:15:7
help-lines: 0
note-lines: 2
secondary-labels: 0
trace-frames: 1
trace-user-frames: 1
trace-prelude-frames: 0
prelude-excerpt-lines: 0
rust-panic: no
--- stderr ---
error[EU-RENDER-UNREPRESENTABLE]: cannot represent this value in TOML output: TOML has no null; every key must have a value
   ┌─ tests/harness/errors/216_toml_null.eu:15:7
   │
15 │ main: data.absent
   │       ^^^^
   │
   = give the key a value the format can carry, or drop it from the block before rendering
   = 'yaml' and 'json' output both have a null, and 'edn' renders it as 'nil'
   = while evaluating (outermost first):
     - main at 216_toml_null.eu:15:7
