# eucalypt diagnostic snapshot v1
fixture: errors/230_lazy_demand_site_blame
argv: run -L tests/harness/errors --heap-limit-mib 2048 tests/harness/errors/230_lazy_demand_site_blame.eu
prelude-modes: identical

=== both prelude modes ===
exit: 1
errors: 1
warnings: 0
code: EU-EVAL-TYPE
primary: user tests/harness/errors/230_lazy_demand_site_blame.eu:6:22
help-lines: 0
note-lines: 2
secondary-labels: 2
trace-frames: 2
trace-user-frames: 2
trace-prelude-frames: 0
prelude-excerpt-lines: 0
rust-panic: no
--- stderr ---
error[EU-EVAL-TYPE]: type mismatch: expected number, found string "three"
  ┌─ tests/harness/errors/230_lazy_demand_site_blame.eu:6:22
  │
6 │ step-one(l): l map(_ + 1)
  │ ---------------------^---
  │ │              │
  │ │              called from here
  │ called from here
  │
  = to convert a string to a number, use 'num', e.g. 's num'
  = to concatenate strings, use string interpolation or 'str.join-on' instead of '+'
  = while evaluating (outermost first):
    - result at 230_lazy_demand_site_blame.eu:8:30
    - step-two at 230_lazy_demand_site_blame.eu:7:25
