# eucalypt diagnostic snapshot v1
fixture: errors/error_174
argv: run -L tests/harness/errors --heap-limit-mib 2048 tests/harness/errors/error_174.eu
prelude-modes: identical

=== both prelude modes ===
exit: 1
errors: 1
warnings: 1
code: -
primary: user tests/harness/errors/error_174.eu:10:19
help-lines: 0
note-lines: 1
secondary-labels: 0
trace-frames: 1
trace-user-frames: 1
trace-prelude-frames: 0
prelude-excerpt-lines: 0
rust-panic: no
--- stderr ---
warning: argument type does not match function parameter
   ┌─ tests/harness/errors/error_174.eu:10:9
   │
10 │ result: [1, 2, 3] str.join-on(",")
   │         ^^^^^^^^^ expected [string], found [number]

error: type mismatch: expected string, found number
   ┌─ tests/harness/errors/error_174.eu:10:19
   │
10 │ result: [1, 2, 3] str.join-on(",")
   │                   ^^^
   │
   = to convert a number to a string, use 'str' or string interpolation
   = stack trace:
     - result at error_174.eu:10:19
