# eucalypt diagnostic snapshot v1
fixture: many-decls/huge_decls_type_warning
argv: run -L tests/diagnostics/snapshot-corpus --heap-limit-mib 2048 tests/diagnostics/snapshot-corpus/huge_decls_type_warning.eu
prelude-modes: divergent

=== blob prelude ===
exit: 1
errors: 1
warnings: 1
code: EU-EVAL-TYPE
primary: user tests/diagnostics/snapshot-corpus/huge_decls_type_warning.eu:1504:9
help-lines: 0
note-lines: 1
secondary-labels: 0
trace-frames: 1
trace-user-frames: 1
trace-prelude-frames: 0
prelude-excerpt-lines: 0
rust-panic: no
--- stderr ---
warning: argument type does not match function parameter
     ┌─ tests/diagnostics/snapshot-corpus/huge_decls_type_warning.eu:1504:21
     │
1504 │ result: str.letters(42)
     │                     ^^ expected string, found number

error[EU-EVAL-TYPE]: type mismatch: expected string, found number
     ┌─ tests/diagnostics/snapshot-corpus/huge_decls_type_warning.eu:1504:9
     │
1504 │ result: str.letters(42)
     │         ^^^^^^^^^^^^^^^
     │                     │
     │                     expected string, found number
     │
     = to convert a number to a string, use 'str' or string interpolation
     = while evaluating (outermost first):
       - result at huge_decls_type_warning.eu:1504:9

=== --source-prelude ===
exit: 1
errors: 1
warnings: 1
code: EU-EVAL-TYPE
primary: user tests/diagnostics/snapshot-corpus/huge_decls_type_warning.eu:1504:9
help-lines: 0
note-lines: 1
secondary-labels: 1
trace-frames: 1
trace-user-frames: 1
trace-prelude-frames: 0
prelude-excerpt-lines: 0
rust-panic: no
--- stderr ---
warning: argument type does not match function parameter
     ┌─ tests/diagnostics/snapshot-corpus/huge_decls_type_warning.eu:1504:21
     │
1504 │ result: str.letters(42)
     │                     ^^ expected string, found number

error[EU-EVAL-TYPE]: type mismatch: expected string, found number
     ┌─ tests/diagnostics/snapshot-corpus/huge_decls_type_warning.eu:1504:9
     │
1504 │ result: str.letters(42)
     │         ^^^------------
     │         │           │
     │         │           expected string, found number
     │         called from here
     │
     = to convert a number to a string, use 'str' or string interpolation
     = while evaluating (outermost first):
       - result at huge_decls_type_warning.eu:1504:9
