# eucalypt diagnostic snapshot v1
fixture: many-decls/many_decls_middle_nth
argv: run -L tests/diagnostics/snapshot-corpus --heap-limit-mib 2048 tests/diagnostics/snapshot-corpus/many_decls_middle_nth.eu
prelude-modes: identical

=== both prelude modes ===
exit: 1
errors: 1
warnings: 0
code: -
primary: user tests/diagnostics/snapshot-corpus/many_decls_middle_nth.eu:455:12
help-lines: 0
note-lines: 0
secondary-labels: 0
trace-frames: 2
trace-user-frames: 1
trace-prelude-frames: 1
prelude-excerpt-lines: 0
rust-panic: no
--- stderr ---
error: index 10 out of range for list of length 3
    ┌─ tests/diagnostics/snapshot-corpus/many_decls_middle_nth.eu:455:12
    │
455 │ result: xs nth(10)
    │            ^^^^^^^
    │
    = while evaluating (outermost first):
      - result at many_decls_middle_nth.eu:455:12
      - in 'nth' (prelude)
