# eucalypt diagnostic snapshot v1
fixture: provocations/lazy_demand_site
argv: run -L tests/diagnostics/corpus --heap-limit-mib 2048 tests/diagnostics/corpus/lazy_demand_site.eu
prelude-modes: identical

=== both prelude modes ===
exit: 1
errors: 1
warnings: 1
code: -
primary: user tests/diagnostics/corpus/lazy_demand_site.eu:6:15
help-lines: 0
note-lines: 1
secondary-labels: 0
trace-frames: 1
trace-user-frames: 1
trace-prelude-frames: 0
prelude-excerpt-lines: 0
rust-panic: no
--- stderr ---
warning: argument type does not match function parameter
  ┌─ tests/diagnostics/corpus/lazy_demand_site.eu:6:9
  │
6 │ result: count map((+ 1))
  │         ^^^^^ expected [a], found number

error: head requires a list, found 42
  ┌─ tests/diagnostics/corpus/lazy_demand_site.eu:6:15
  │
6 │ result: count map((+ 1))
  │         ----- ^^^^^^^^^^
  │         │
  │         expected [a], found number
  │
  = to create a list from a number, wrap it: '[n]'
  = while evaluating (outermost first):
    - result at lazy_demand_site.eu:6:20
