# eucalypt diagnostic snapshot v1
fixture: provocations/string_plus_number
argv: run -L tests/diagnostics/corpus --heap-limit-mib 2048 tests/diagnostics/corpus/string_plus_number.eu
prelude-modes: identical

=== both prelude modes ===
exit: 1
errors: 1
warnings: 0
code: EU-EVAL-TYPE
primary: user tests/diagnostics/corpus/string_plus_number.eu:2:6
help-lines: 0
note-lines: 2
secondary-labels: 0
trace-frames: 1
trace-user-frames: 1
trace-prelude-frames: 0
prelude-excerpt-lines: 0
rust-panic: no
--- stderr ---
error[EU-EVAL-TYPE]: type mismatch: expected number, found string "3"
  ┌─ tests/diagnostics/corpus/string_plus_number.eu:2:6
  │
2 │ b: a + 1
  │      ^
  │
  = to convert a string to a number, use 'num', e.g. 's num'
  = to concatenate strings, use string interpolation or 'str.join-on' instead of '+'
  = stack trace:
    - b at string_plus_number.eu:2:6
